PARTE 1 TERMINAL
devbm@dtbm:~/Documents/TIdevBM/Trybe/Course/brmarmello.github.io$ git init
Initialized empty Git repository in /home/devbm/Documents/TIdevBM/Trybe/Course/brmarmello.github.io/.git/
devbm@dtbm:~/Documents/TIdevBM/Trybe/Course/brmarmello.github.io$ touch index.html
devbm@dtbm:~/Documents/TIdevBM/Trybe/Course/brmarmello.github.io$ ls -a
.  ..  .git  index.html
devbm@dtbm:~/Documents/TIdevBM/Trybe/Course/brmarmello.github.io$

PARTE 2 VSC

devbm@dtbm:~/Documents/TIdevBM/Trybe/Course/portfolio-bmdev$ git status                       On branch master

No commits yet

Untracked files:
  (use "git add <file>..." to include in what will be committed)
        index.html

nothing added to commit but untracked files present (use "git add" to track)
devbm@dtbm:~/Documents/TIdevBM/Trybe/Course/portfolio-bmdev$ git add .                        devbm@dtbm:~/Documents/TIdevBM/Trybe/Course/portfolio-bmdev$ git commit -m "Iniciando a branch master com a estrutura do exercicios. Meu primeiro commit."
[master (root-commit) cfbdbef] Iniciando a branch master com a estrutura do exercicios. Meu primeiro commit.
 1 file changed, 24 insertions(+)
 create mode 100644 index.html
devbm@dtbm:~/Documents/TIdevBM/Trybe/Course/portfolio-bmdev$ git remote add origin git@github.com:brmarmello/portfolio-bmdev.git
devbm@dtbm:~/Documents/TIdevBM/Trybe/Course/portfolio-bmdev$ git status                       On branch master
nothing to commit, working tree clean
devbm@dtbm:~/Documents/TIdevBM/Trybe/Course/portfolio-bmdev$ git push                         fatal: The current branch master has no upstream branch.
To push the current branch and set the remote as upstream, use

    git push --set-upstream origin master

devbm@dtbm:~/Documents/TIdevBM/Trybe/Course/portfolio-bmdev$ git push --set-upstream origin master
Enumerating objects: 3, done.
Counting objects: 100% (3/3), done.
Delta compression using up to 4 threads
Compressing objects: 100% (2/2), done.
Writing objects: 100% (3/3), 835 bytes | 278.00 KiB/s, done.
Total 3 (delta 0), reused 0 (delta 0)
remote: 
remote: Create a pull request for 'master' on GitHub by visiting:
remote:      https://github.com/brmarmello/portfolio-bmdev/pull/new/master
remote: 
To github.com:brmarmello/portfolio-bmdev.git
 * [new branch]      master -> master
Branch 'master' set up to track remote branch 'master' from 'origin'.
devbm@dtbm:~/Documents/TIdevBM/Trybe/Course/portfolio-bmdev$ git branch                       * master
devbm@dtbm:~/Documents/TIdevBM/Trybe/Course/portfolio-bmdev$ git branch
* master
devbm@dtbm:~/Documents/TIdevBM/Trybe/Course/portfolio-bmdev$ git status                       On branch master
Your branch is up to date with 'origin/master'.

nothing to commit, working tree clean
devbm@dtbm:~/Documents/TIdevBM/Trybe/Course/portfolio-bmdev$ git remote add origin git@github.com:brmarmello/portfolio-bmdev.git
fatal: remote origin already exists.
devbm@dtbm:~/Documents/TIdevBM/Trybe/Course/portfolio-bmdev$ git push -u origin main
error: src refspec main does not match any
error: failed to push some refs to 'git@github.com:brmarmello/portfolio-bmdev.git'
devbm@dtbm:~/Documents/TIdevBM/Trybe/Course/portfolio-bmdev$ git push -u origin master
Enumerating objects: 3, done.
Counting objects: 100% (3/3), done.
Delta compression using up to 4 threads
Compressing objects: 100% (2/2), done.
Writing objects: 100% (3/3), 835 bytes | 835.00 KiB/s, done.
Total 3 (delta 0), reused 0 (delta 0)
To github.com:brmarmello/portfolio-bmdev.git
 * [new branch]      master -> master
Branch 'master' set up to track remote branch 'master' from 'origin'.
devbm@dtbm:~/Documents/TIdevBM/Trybe/Course/portfolio-bmdev$ git branch bmdev                 devbm@dtbm:~/Documents/TIdevBM/Trybe/Course/portfolio-bmdev$ git checkout bmdev
Switched to branch 'bmdev'
devbm@dtbm:~/Documents/TIdevBM/Trybe/Course/portfolio-bmdev$ git branch                       * bmdev
  master
devbm@dtbm:~/Documents/TIdevBM/Trybe/Course/portfolio-bmdev$ git push -u origin bmdev 
Total 0 (delta 0), reused 0 (delta 0)
remote: 
remote: Create a pull request for 'bmdev' on GitHub by visiting:
remote:      https://github.com/brmarmello/portfolio-bmdev/pull/new/bmdev
remote: 
To github.com:brmarmello/portfolio-bmdev.git
 * [new branch]      bmdev -> bmdev
Branch 'bmdev' set up to track remote branch 'bmdev' from 'origin'.
devbm@dtbm:~/Documents/TIdevBM/Trybe/Course/portfolio-bmdev$ git branch
* bmdev
  master
devbm@dtbm:~/Documents/TIdevBM/devbm@dtbm:~/Documents/TIdevBM/devbm@dtbm:~/Documents/TIdevBM/Trybedevbm@dtbm:~/Documents/TIdevBM/Trybe/Course/podevbm@dtbm:~/Documents/TIdevBM/Trybe/Course/pordevbm@dtbm:~/Documents/TIdevBM/Trybe/Course/portdevbm@dtbm:~/Documents/TIdevBM/Trybe/Course/portfdevbm@dtbm:~/Documents/TIdevBM/Trybe/Course/portfdevbm@dtbm:~/Documents/TIdevBM/Trybe/Course/portfolio-bmdev$ g
it statusOn branch bmdev
Your branch is up to date with 'origin/bmdev'.

Changes not staged for commit:
  (use "git add <file>..." to update what will be committed)
  (use "git restore <file>..." to discard changes in working directory)
        modified:   index.html

Untracked files:
  (use "git add <file>..." to include in what will be committed)
        images/

no changes added to commit (use "git add" and/or "git commit -a")
devbm@dtbm:~/Documents/TIdevBM/Trybe/Course/portfolio-bmdev$ git add .devbm@dtbm:~/Documents/TIdevBM/Trybe/Course/portfolio-bmdev$ git status
On branch bmdev
Your branch is up to date with 'origin/bmdev'.

Changes to be committed:
  (use "git restore --staged <file>..." to unstage)
        new file:   images/bmgi3x4.jpeg
        modified:   index.html

devbm@dtbm:~/Documents/TIdevBM/Trybe/Course/portfolio-bmdev$ git commit -m "Ajustes no codigo e upload da minha imagem."[bmdev 4374925] Ajustes no codigo e upload da minha imagem.
 2 files changed, 5 insertions(+)
 create mode 100644 images/bmgi3x4.jpeg
devbm@dtbm:~/Documents/TIdevBM/Trybe/Course/portfolio-bmdev$ git pushEnumerating objects: 7, done.
Counting objects: 100% (7/7), done.
Delta compression using up to 4 threads
Compressing objects: 100% (4/4), done.
Writing objects: 100% (5/5), 123.31 KiB | 1.62 MiB/s, done.
Total 5 (delta 1), reused 0 (delta 0)
remote: Resolving deltas: 100% (1/1), completed with 1 local object.
To github.com:brmarmello/portfolio-bmdev.git
   cfbdbef..4374925  bmdev -> bmdev
devbm@dtbm:~/Documents/TIdevBM/Trybe/Course/portfolio-bmdev$ git add .devbm@dtbm:~/Documents/TIdevBM/Trybe/Course/portfolio-bmdev$ git commit -m "Finalizado por hoje o codigo do exercicio Requisitos - HTML & CSS - Estruturas de página."
[bmdev 380db53] Finalizado por hoje o codigo do exercicio Requisitos - HTML & CSS - Estruturas de página.
 2 files changed, 74 insertions(+), 2 deletions(-)
 rewrite images/bmgi3x4.jpeg (97%)
devbm@dtbm:~/Documents/TIdevBM/Trybe/Course/portfolio-bmdev$ git pushEnumerating objects: 9, done.Counting objects: 100% (9/9), done.
Delta compression using up to 4 threads
Compressing objects: 100% (4/4), done.
Writing objects: 100% (5/5), 151.46 KiB | 2.07 MiB/s, done.
Total 5 (delta 0), reused 0 (delta 0)
To github.com:brmarmello/portfolio-bmdev.git
   4374925..380db53  bmdev -> bmdev
devbm@dtbm:~/Documents/TIdevBM/Trybe/Course/portfolio-bmdev$ git statusOn branch bmdevYour branch is up to date with 'origin/bmdev'.

nothing to commit, working tree clean
devbm@dtbm:~/Documents/TIdevBM/Trybe/Course/portfolio-b
mdev

PARTE 2.1 - ALTERAÇÃO DE PORTFOLIO REMOTO

devbm@dtbm:~/Documents/TIdevBM/Trybe/Course/exercicios-trybe$ git status
On branch exercicios/3.1
Your branch is up to date with 'origin/exercicios/3.1'.

Untracked files:
  (use "git add <file>..." to include in what will be committed)
	modulo-01-fundamentos/bloco-3-introducao-a-html-e-css/dia-1-html-css-estruturas-de-pagina/portfolio-bmdev-sbs.txt
	modulo-01-fundamentos/bloco-3-introducao-a-html-e-css/dia-1-html-css-estruturas-de-pagina/trybe_marketing-sbs.txt

nothing added to commit but untracked files present (use "git add" to track)
devbm@dtbm:~/Documents/TIdevBM/Trybe/Course/exercicios-trybe$ git add .
devbm@dtbm:~/Documents/TIdevBM/Trybe/Course/exercicios-trybe$ git status
On branch exercicios/3.1
Your branch is up to date with 'origin/exercicios/3.1'.

Changes to be committed:
  (use "git restore --staged <file>..." to unstage)
	new file:   modulo-01-fundamentos/bloco-3-introducao-a-html-e-css/dia-1-html-css-estruturas-de-pagina/portfolio-bmdev-sbs.txt
	new file:   modulo-01-fundamentos/bloco-3-introducao-a-html-e-css/dia-1-html-css-estruturas-de-pagina/trybe_marketing-sbs.txt

devbm@dtbm:~/Documents/TIdevBM/Trybe/Course/exercicios-trybe$ git commit -m "Atualização de arquivo SBS do portifolio adormecido, bmdev e SBS do exercício da página de marketing da Trybe."
[exercicios/3.1 4ff2a64] Atualização de arquivo SBS do portifolio adormecido, bmdev e SBS do exercício da página de marketing da Trybe.
 2 files changed, 267 insertions(+)
 create mode 100644 modulo-01-fundamentos/bloco-3-introducao-a-html-e-css/dia-1-html-css-estruturas-de-pagina/portfolio-bmdev-sbs.txt
 create mode 100644 modulo-01-fundamentos/bloco-3-introducao-a-html-e-css/dia-1-html-css-estruturas-de-pagina/trybe_marketing-sbs.txt
devbm@dtbm:~/Documents/TIdevBM/Trybe/Course/exercicios-trybe$ git push
Enumerating objects: 11, done.
Counting objects: 100% (11/11), done.
Delta compression using up to 4 threads
Compressing objects: 100% (7/7), done.
Writing objects: 100% (7/7), 3.31 KiB | 848.00 KiB/s, done.
Total 7 (delta 2), reused 0 (delta 0)
remote: Resolving deltas: 100% (2/2), completed with 2 local objects.
To github.com:brmarmello/exercicios-trybe.git
   b24f56e..4ff2a64  exercicios/3.1 -> exercicios/3.1
devbm@dtbm:~/Documents/TIdevBM/Trybe/Course/exercicios-trybe






















Meu portifolio profissional criado no curso de dewsenvolvimento web da Trybe - Turma XP
Iniciando a branch master com a estrutura do exercicios. Meu primeiro commit.
