devbm@dtbm:~$ /home/devbm/Documents/TIdevBM/Trybe/Course/exercicios/modulo-01-fundamentos/bloco-2-git-github-e-internet
bash: /home/devbm/Documents/TIdevBM/Trybe/Course/exercicios/modulo-01-fundamentos/bloco-2-git-github-e-internet: Is a directory
devbm@dtbm:~$ cd /home/devbm/Documents/TIdevBM/Trybe/Course/exercicios/modulo-01-fundamentos/bloco-2-git-github-e-internet
devbm@dtbm:~/Documents/TIdevBM/Trybe/Course/exercicios/modulo-01-fundamentos/bloco-2-git-github-e-internet$ mkdir iniciando-git
devbm@dtbm:~/Documents/TIdevBM/Trybe/Course/exercicios/modulo-01-fundamentos/bloco-2-git-github-e-internet$ cd iniciando-git/
devbm@dtbm:~/Documents/TIdevBM/Trybe/Course/exercicios/modulo-01-fundamentos/bloco-2-git-github-e-internet/iniciando-git$ git init
Initialized empty Git repository in /home/devbm/Documents/TIdevBM/Trybe/Course/exercicios/modulo-01-fundamentos/bloco-2-git-github-e-internet/iniciando-git/.git/
devbm@dtbm:~/Documents/TIdevBM/Trybe/Course/exercicios/modulo-01-fundamentos/bloco-2-git-github-e-internet/iniciando-git$ ls -a
.  ..  .git
devbm@dtbm:~/Documents/TIdevBM/Trybe/Course/exercicios/modulo-01-fundamentos/bloco-2-git-github-e-internet/iniciando-git$ git status
On branch master

No commits yet

nothing to commit (create/copy files and use "git add" to track)
devbm@dtbm:~/Documents/TIdevBM/Trybe/Course/exercicios/modulo-01-fundamentos/bloco-2-git-github-e-internet/iniciando-git$ cat > meu_arquivo.txt
Meu primeiro repositório Git.
devbm@dtbm:~/Documents/TIdevBM/Trybe/Course/exercicios/modulo-01-fundamentos/bloco-2-git-github-e-internet/iniciando-git$ git status
On branch master

No commits yet

Untracked files:
  (use "git add <file>..." to include in what will be committed)
	meu_arquivo.txt

nothing added to commit but untracked files present (use "git add" to track)
devbm@dtbm:~/Documents/TIdevBM/Trybe/Course/exercicios/modulo-01-fundamentos/bloco-2-git-github-e-internet/iniciando-git$ git add .
devbm@dtbm:~/Documents/TIdevBM/Trybe/Course/exercicios/modulo-01-fundamentos/bloco-2-git-github-e-internet/iniciando-git$ git commit -m "Meu primeiro commit."
[master (root-commit) 9ec4050] Meu primeiro commit.
 1 file changed, 1 insertion(+)
 create mode 100644 meu_arquivo.txt
devbm@dtbm:~/Documents/TIdevBM/Trybe/Course/exercicios/modulo-01-fundamentos/bloco-2-git-github-e-internet/iniciando-git$ git remote add origin git@github.com:brmarmello/meu-super-repo.git
devbm@dtbm:~/Documents/TIdevBM/Trybe/Course/exercicios/modulo-01-fundamentos/bloco-2-git-github-e-internet/iniciando-git$ git remote -v 
origin	git@github.com:brmarmello/meu-super-repo.git (fetch)
origin	git@github.com:brmarmello/meu-super-repo.git (push)
devbm@dtbm:~/Documents/TIdevBM/Trybe/Course/exercicios/modulo-01-fundamentos/bloco-2-git-github-e-internet/iniciando-git$ git status
On branch master
nothing to commit, working tree clean
devbm@dtbm:~/Documents/TIdevBM/Trybe/Course/exercicios/modulo-01-fundamentos/bloco-2-git-github-e-internet/iniciando-git$ git push origin master
Enumerating objects: 3, done.
Counting objects: 100% (3/3), done.
Writing objects: 100% (3/3), 267 bytes | 267.00 KiB/s, done.
Total 3 (delta 0), reused 0 (delta 0)
To github.com:brmarmello/meu-super-repo.git
 * [new branch]      master -> master
devbm@dtbm:~/Documents/TIdevBM/Trybe/Course/exercicios/modulo-01-fundamentos/bloco-2-git-github-e-internet/iniciando-git$
